Archive member included because of file (symbol)

c:/program files (x86)/gnu tools arm embedded/4.9 2014q4/bin/../lib/gcc/arm-none-eabi/4.9.3/armv7e-m\libgcc.a(unwind-arm.o)
                              ..\obj\main.o (__aeabi_unwind_cpp_pr0)
c:/program files (x86)/gnu tools arm embedded/4.9 2014q4/bin/../lib/gcc/arm-none-eabi/4.9.3/armv7e-m\libgcc.a(libunwind.o)
                              c:/program files (x86)/gnu tools arm embedded/4.9 2014q4/bin/../lib/gcc/arm-none-eabi/4.9.3/armv7e-m\libgcc.a(unwind-arm.o) (restore_core_regs)
c:/program files (x86)/gnu tools arm embedded/4.9 2014q4/bin/../lib/gcc/arm-none-eabi/4.9.3/armv7e-m\libgcc.a(pr-support.o)
                              c:/program files (x86)/gnu tools arm embedded/4.9 2014q4/bin/../lib/gcc/arm-none-eabi/4.9.3/armv7e-m\libgcc.a(unwind-arm.o) (__gnu_unwind_execute)
c:/program files (x86)/gnu tools arm embedded/4.9 2014q4/bin/../lib/gcc/arm-none-eabi/4.9.3/../../../../arm-none-eabi/lib/armv7e-m\libg.a(lib_a-exit.o)
                              c:/program files (x86)/gnu tools arm embedded/4.9 2014q4/bin/../lib/gcc/arm-none-eabi/4.9.3/../../../../arm-none-eabi/lib/armv7e-m/crt0.o (exit)
c:/program files (x86)/gnu tools arm embedded/4.9 2014q4/bin/../lib/gcc/arm-none-eabi/4.9.3/../../../../arm-none-eabi/lib/armv7e-m\libg.a(lib_a-impure.o)
                              c:/program files (x86)/gnu tools arm embedded/4.9 2014q4/bin/../lib/gcc/arm-none-eabi/4.9.3/../../../../arm-none-eabi/lib/armv7e-m\libg.a(lib_a-exit.o) (_global_impure_ptr)
c:/program files (x86)/gnu tools arm embedded/4.9 2014q4/bin/../lib/gcc/arm-none-eabi/4.9.3/../../../../arm-none-eabi/lib/armv7e-m\libg.a(lib_a-init.o)
                              c:/program files (x86)/gnu tools arm embedded/4.9 2014q4/bin/../lib/gcc/arm-none-eabi/4.9.3/../../../../arm-none-eabi/lib/armv7e-m/crt0.o (__libc_init_array)
c:/program files (x86)/gnu tools arm embedded/4.9 2014q4/bin/../lib/gcc/arm-none-eabi/4.9.3/../../../../arm-none-eabi/lib/armv7e-m\libg.a(lib_a-memcpy.o)
                              c:/program files (x86)/gnu tools arm embedded/4.9 2014q4/bin/../lib/gcc/arm-none-eabi/4.9.3/armv7e-m\libgcc.a(unwind-arm.o) (memcpy)
c:/program files (x86)/gnu tools arm embedded/4.9 2014q4/bin/../lib/gcc/arm-none-eabi/4.9.3/../../../../arm-none-eabi/lib/armv7e-m\libg.a(lib_a-memset.o)
                              c:/program files (x86)/gnu tools arm embedded/4.9 2014q4/bin/../lib/gcc/arm-none-eabi/4.9.3/../../../../arm-none-eabi/lib/armv7e-m/crt0.o (memset)
c:/program files (x86)/gnu tools arm embedded/4.9 2014q4/bin/../lib/gcc/arm-none-eabi/4.9.3/../../../../arm-none-eabi/lib/armv7e-m\libg.a(lib_a-__call_atexit.o)
                              c:/program files (x86)/gnu tools arm embedded/4.9 2014q4/bin/../lib/gcc/arm-none-eabi/4.9.3/../../../../arm-none-eabi/lib/armv7e-m\libg.a(lib_a-exit.o) (__call_exitprocs)
c:/program files (x86)/gnu tools arm embedded/4.9 2014q4/bin/../lib/gcc/arm-none-eabi/4.9.3/../../../../arm-none-eabi/lib/armv7e-m\libg.a(lib_a-atexit.o)
                              c:/program files (x86)/gnu tools arm embedded/4.9 2014q4/bin/../lib/gcc/arm-none-eabi/4.9.3/../../../../arm-none-eabi/lib/armv7e-m\libg.a(lib_a-__call_atexit.o) (atexit)
c:/program files (x86)/gnu tools arm embedded/4.9 2014q4/bin/../lib/gcc/arm-none-eabi/4.9.3/../../../../arm-none-eabi/lib/armv7e-m\libg.a(lib_a-fini.o)
                              c:/program files (x86)/gnu tools arm embedded/4.9 2014q4/bin/../lib/gcc/arm-none-eabi/4.9.3/../../../../arm-none-eabi/lib/armv7e-m\libg.a(lib_a-__call_atexit.o) (__libc_fini_array)
c:/program files (x86)/gnu tools arm embedded/4.9 2014q4/bin/../lib/gcc/arm-none-eabi/4.9.3/../../../../arm-none-eabi/lib/armv7e-m\libg.a(lib_a-__atexit.o)
                              c:/program files (x86)/gnu tools arm embedded/4.9 2014q4/bin/../lib/gcc/arm-none-eabi/4.9.3/../../../../arm-none-eabi/lib/armv7e-m\libg.a(lib_a-atexit.o) (__register_exitproc)

Discarded input sections

 .text          0x00000000        0x0 c:/program files (x86)/gnu tools arm embedded/4.9 2014q4/bin/../lib/gcc/arm-none-eabi/4.9.3/armv7e-m/crti.o
 .data          0x00000000        0x0 c:/program files (x86)/gnu tools arm embedded/4.9 2014q4/bin/../lib/gcc/arm-none-eabi/4.9.3/armv7e-m/crti.o
 .bss           0x00000000        0x0 c:/program files (x86)/gnu tools arm embedded/4.9 2014q4/bin/../lib/gcc/arm-none-eabi/4.9.3/armv7e-m/crti.o
 .data          0x00000000        0x4 c:/program files (x86)/gnu tools arm embedded/4.9 2014q4/bin/../lib/gcc/arm-none-eabi/4.9.3/armv7e-m/crtbegin.o
 .text          0x00000000       0x74 c:/program files (x86)/gnu tools arm embedded/4.9 2014q4/bin/../lib/gcc/arm-none-eabi/4.9.3/../../../../arm-none-eabi/lib/armv7e-m/crt0.o
 .data          0x00000000        0x0 c:/program files (x86)/gnu tools arm embedded/4.9 2014q4/bin/../lib/gcc/arm-none-eabi/4.9.3/../../../../arm-none-eabi/lib/armv7e-m/crt0.o
 .bss           0x00000000        0x0 c:/program files (x86)/gnu tools arm embedded/4.9 2014q4/bin/../lib/gcc/arm-none-eabi/4.9.3/../../../../arm-none-eabi/lib/armv7e-m/crt0.o
 .ARM.extab     0x00000000        0x0 c:/program files (x86)/gnu tools arm embedded/4.9 2014q4/bin/../lib/gcc/arm-none-eabi/4.9.3/../../../../arm-none-eabi/lib/armv7e-m/crt0.o
 .ARM.exidx     0x00000000        0x8 c:/program files (x86)/gnu tools arm embedded/4.9 2014q4/bin/../lib/gcc/arm-none-eabi/4.9.3/../../../../arm-none-eabi/lib/armv7e-m/crt0.o
 .ARM.attributes
                0x00000000       0x1c c:/program files (x86)/gnu tools arm embedded/4.9 2014q4/bin/../lib/gcc/arm-none-eabi/4.9.3/../../../../arm-none-eabi/lib/armv7e-m/crt0.o
 .text          0x00000000        0x0 ..\obj\semihosting.o
 .data          0x00000000        0x0 ..\obj\semihosting.o
 .bss           0x00000000       0x14 ..\obj\semihosting.o
 .text.SH_SendChar
                0x00000000       0x68 ..\obj\semihosting.o
 .text.SH_SendString
                0x00000000       0x24 ..\obj\semihosting.o
 .text.SH_GetChar
                0x00000000       0x40 ..\obj\semihosting.o
 .debug_info    0x00000000      0x12b ..\obj\semihosting.o
 .debug_abbrev  0x00000000       0xab ..\obj\semihosting.o
 .debug_aranges
                0x00000000       0x30 ..\obj\semihosting.o
 .debug_ranges  0x00000000       0x20 ..\obj\semihosting.o
 .debug_line    0x00000000       0xc4 ..\obj\semihosting.o
 .debug_str     0x00000000      0x19e ..\obj\semihosting.o
 .comment       0x00000000       0x71 ..\obj\semihosting.o
 .debug_frame   0x00000000       0x7c ..\obj\semihosting.o
 .ARM.attributes
                0x00000000       0x33 ..\obj\semihosting.o
 .text          0x00000000        0x0 ..\obj\startup_stm32f4xx.o
 .data          0x00000000        0x0 ..\obj\startup_stm32f4xx.o
 .bss           0x00000000        0x0 ..\obj\startup_stm32f4xx.o
 .text          0x00000000        0x0 ..\obj\main.o
 .data          0x00000000        0xc ..\obj\main.o
 .ARM.extab.text._Z17RCC_configurationv
                0x00000000        0x0 ..\obj\main.o
 .ARM.extab.text.main
                0x00000000        0x0 ..\obj\main.o
 .text          0x00000000        0x0 ..\obj\stm32f4xx_rcc.o
 .data          0x00000000       0x10 ..\obj\stm32f4xx_rcc.o
 .bss           0x00000000        0x0 ..\obj\stm32f4xx_rcc.o
 .text.RCC_DeInit
                0x00000000       0x50 ..\obj\stm32f4xx_rcc.o
 .text.RCC_HSEConfig
                0x00000000       0x24 ..\obj\stm32f4xx_rcc.o
 .text.RCC_WaitForHSEStartUp
                0x00000000       0x50 ..\obj\stm32f4xx_rcc.o
 .text.RCC_AdjustHSICalibrationValue
                0x00000000       0x3c ..\obj\stm32f4xx_rcc.o
 .text.RCC_HSICmd
                0x00000000       0x20 ..\obj\stm32f4xx_rcc.o
 .text.RCC_LSEConfig
                0x00000000       0x40 ..\obj\stm32f4xx_rcc.o
 .text.RCC_LSICmd
                0x00000000       0x20 ..\obj\stm32f4xx_rcc.o
 .text.RCC_PLLConfig
                0x00000000       0x3c ..\obj\stm32f4xx_rcc.o
 .text.RCC_PLLCmd
                0x00000000       0x20 ..\obj\stm32f4xx_rcc.o
 .text.RCC_PLLI2SConfig
                0x00000000       0x28 ..\obj\stm32f4xx_rcc.o
 .text.RCC_PLLI2SCmd
                0x00000000       0x20 ..\obj\stm32f4xx_rcc.o
 .text.RCC_ClockSecuritySystemCmd
                0x00000000       0x20 ..\obj\stm32f4xx_rcc.o
 .text.RCC_MCO1Config
                0x00000000       0x3c ..\obj\stm32f4xx_rcc.o
 .text.RCC_MCO2Config
                0x00000000       0x3c ..\obj\stm32f4xx_rcc.o
 .text.RCC_SYSCLKConfig
                0x00000000       0x38 ..\obj\stm32f4xx_rcc.o
 .text.RCC_GetSYSCLKSource
                0x00000000       0x20 ..\obj\stm32f4xx_rcc.o
 .text.RCC_HCLKConfig
                0x00000000       0x38 ..\obj\stm32f4xx_rcc.o
 .text.RCC_PCLK1Config
                0x00000000       0x38 ..\obj\stm32f4xx_rcc.o
 .text.RCC_PCLK2Config
                0x00000000       0x38 ..\obj\stm32f4xx_rcc.o
 .text.RCC_GetClocksFreq
                0x00000000      0x154 ..\obj\stm32f4xx_rcc.o
 .text.RCC_RTCCLKConfig
                0x00000000       0x5c ..\obj\stm32f4xx_rcc.o
 .text.RCC_RTCCLKCmd
                0x00000000       0x20 ..\obj\stm32f4xx_rcc.o
 .text.RCC_BackupResetCmd
                0x00000000       0x20 ..\obj\stm32f4xx_rcc.o
 .text.RCC_I2SCLKConfig
                0x00000000       0x1c ..\obj\stm32f4xx_rcc.o
 .text.RCC_AHB2PeriphClockCmd
                0x00000000       0x3c ..\obj\stm32f4xx_rcc.o
 .text.RCC_AHB3PeriphClockCmd
                0x00000000       0x3c ..\obj\stm32f4xx_rcc.o
 .text.RCC_APB1PeriphClockCmd
                0x00000000       0x3c ..\obj\stm32f4xx_rcc.o
 .text.RCC_AHB1PeriphResetCmd
                0x00000000       0x3c ..\obj\stm32f4xx_rcc.o
 .text.RCC_AHB2PeriphResetCmd
                0x00000000       0x3c ..\obj\stm32f4xx_rcc.o
 .text.RCC_AHB3PeriphResetCmd
                0x00000000       0x3c ..\obj\stm32f4xx_rcc.o
 .text.RCC_APB1PeriphResetCmd
                0x00000000       0x3c ..\obj\stm32f4xx_rcc.o
 .text.RCC_APB2PeriphResetCmd
                0x00000000       0x3c ..\obj\stm32f4xx_rcc.o
 .text.RCC_AHB1PeriphClockLPModeCmd
                0x00000000       0x3c ..\obj\stm32f4xx_rcc.o
 .text.RCC_AHB2PeriphClockLPModeCmd
                0x00000000       0x3c ..\obj\stm32f4xx_rcc.o
 .text.RCC_AHB3PeriphClockLPModeCmd
                0x00000000       0x3c ..\obj\stm32f4xx_rcc.o
 .text.RCC_APB1PeriphClockLPModeCmd
                0x00000000       0x3c ..\obj\stm32f4xx_rcc.o
 .text.RCC_APB2PeriphClockLPModeCmd
                0x00000000       0x3c ..\obj\stm32f4xx_rcc.o
 .text.RCC_ITConfig
                0x00000000       0x4c ..\obj\stm32f4xx_rcc.o
 .text.RCC_GetFlagStatus
                0x00000000       0x74 ..\obj\stm32f4xx_rcc.o
 .text.RCC_ClearFlag
                0x00000000       0x1c ..\obj\stm32f4xx_rcc.o
 .text.RCC_GetITStatus
                0x00000000       0x38 ..\obj\stm32f4xx_rcc.o
 .text.RCC_ClearITPendingBit
                0x00000000       0x20 ..\obj\stm32f4xx_rcc.o
 .text          0x00000000        0x0 ..\obj\stm32f4xx_gpio.o
 .data          0x00000000        0x0 ..\obj\stm32f4xx_gpio.o
 .bss           0x00000000        0x0 ..\obj\stm32f4xx_gpio.o
 .text.GPIO_DeInit
                0x00000000      0x120 ..\obj\stm32f4xx_gpio.o
 .text.GPIO_StructInit
                0x00000000       0x34 ..\obj\stm32f4xx_gpio.o
 .text.GPIO_PinLockConfig
                0x00000000       0x44 ..\obj\stm32f4xx_gpio.o
 .text.GPIO_ReadInputData
                0x00000000       0x1c ..\obj\stm32f4xx_gpio.o
 .text.GPIO_ReadOutputDataBit
                0x00000000       0x34 ..\obj\stm32f4xx_gpio.o
 .text.GPIO_ReadOutputData
                0x00000000       0x1c ..\obj\stm32f4xx_gpio.o
 .text.GPIO_SetBits
                0x00000000       0x1c ..\obj\stm32f4xx_gpio.o
 .text.GPIO_WriteBit
                0x00000000       0x30 ..\obj\stm32f4xx_gpio.o
 .text.GPIO_Write
                0x00000000       0x1c ..\obj\stm32f4xx_gpio.o
 .text.GPIO_ToggleBits
                0x00000000       0x24 ..\obj\stm32f4xx_gpio.o
 .data          0x00000000        0x0 ..\obj\sh_cmd.o
 .bss           0x00000000        0x0 ..\obj\sh_cmd.o
 .text          0x00000000        0x0 ..\obj\system_stm32f4xx.o
 .data          0x00000000       0x14 ..\obj\system_stm32f4xx.o
 .bss           0x00000000        0x0 ..\obj\system_stm32f4xx.o
 .text.SystemCoreClockUpdate
                0x00000000       0xf8 ..\obj\system_stm32f4xx.o
 .text          0x00000000        0x0 ..\obj\syscalls.o
 .data          0x00000000        0x0 ..\obj\syscalls.o
 .bss           0x00000000        0x4 ..\obj\syscalls.o
 .text._sbrk    0x00000000       0x40 ..\obj\syscalls.o
 .text.link     0x00000000       0x1c ..\obj\syscalls.o
 .text._close   0x00000000       0x18 ..\obj\syscalls.o
 .text._fstat   0x00000000       0x20 ..\obj\syscalls.o
 .text._isatty  0x00000000       0x18 ..\obj\syscalls.o
 .text._lseek   0x00000000       0x1c ..\obj\syscalls.o
 .text._read    0x00000000       0x1c ..\obj\syscalls.o
 .text._write   0x00000000       0x1c ..\obj\syscalls.o
 .debug_info    0x00000000      0x3ee ..\obj\syscalls.o
 .debug_abbrev  0x00000000       0xe2 ..\obj\syscalls.o
 .debug_aranges
                0x00000000       0x60 ..\obj\syscalls.o
 .debug_ranges  0x00000000       0x50 ..\obj\syscalls.o
 .debug_line    0x00000000      0x18c ..\obj\syscalls.o
 .debug_str     0x00000000      0x2fa ..\obj\syscalls.o
 .comment       0x00000000       0x71 ..\obj\syscalls.o
 .debug_frame   0x00000000      0x168 ..\obj\syscalls.o
 .ARM.attributes
                0x00000000       0x33 ..\obj\syscalls.o
 .text          0x00000000        0x0 ..\obj\misc.o
 .data          0x00000000        0x0 ..\obj\misc.o
 .bss           0x00000000        0x0 ..\obj\misc.o
 .text.NVIC_SetVectorTable
                0x00000000       0x2c ..\obj\misc.o
 .text.NVIC_SystemLPConfig
                0x00000000       0x40 ..\obj\misc.o
 .text.SysTick_CLKSourceConfig
                0x00000000       0x38 ..\obj\misc.o
 .text          0x00000000        0x0 ..\obj\stm32f4xx_tim.o
 .data          0x00000000        0x0 ..\obj\stm32f4xx_tim.o
 .bss           0x00000000        0x0 ..\obj\stm32f4xx_tim.o
 .text.TIM_DeInit
                0x00000000      0x1bc ..\obj\stm32f4xx_tim.o
 .text.TIM_TimeBaseStructInit
                0x00000000       0x34 ..\obj\stm32f4xx_tim.o
 .text.TIM_PrescalerConfig
                0x00000000       0x28 ..\obj\stm32f4xx_tim.o
 .text.TIM_CounterModeConfig
                0x00000000       0x38 ..\obj\stm32f4xx_tim.o
 .text.TIM_SetCounter
                0x00000000       0x1c ..\obj\stm32f4xx_tim.o
 .text.TIM_SetAutoreload
                0x00000000       0x1c ..\obj\stm32f4xx_tim.o
 .text.TIM_GetCounter
                0x00000000       0x18 ..\obj\stm32f4xx_tim.o
 .text.TIM_GetPrescaler
                0x00000000       0x1c ..\obj\stm32f4xx_tim.o
 .text.TIM_UpdateDisableConfig
                0x00000000       0x40 ..\obj\stm32f4xx_tim.o
 .text.TIM_UpdateRequestConfig
                0x00000000       0x40 ..\obj\stm32f4xx_tim.o
 .text.TIM_SelectOnePulseMode
                0x00000000       0x38 ..\obj\stm32f4xx_tim.o
 .text.TIM_SetClockDivision
                0x00000000       0x38 ..\obj\stm32f4xx_tim.o
 .text.TIM_OC4Init
                0x00000000       0xcc ..\obj\stm32f4xx_tim.o
 .text.TIM_OCStructInit
                0x00000000       0x44 ..\obj\stm32f4xx_tim.o
 .text.TIM_SelectOCxM
                0x00000000       0xb0 ..\obj\stm32f4xx_tim.o
 .text.TIM_SetCompare4
                0x00000000       0x1c ..\obj\stm32f4xx_tim.o
 .text.TIM_ForcedOC1Config
                0x00000000       0x38 ..\obj\stm32f4xx_tim.o
 .text.TIM_ForcedOC2Config
                0x00000000       0x3c ..\obj\stm32f4xx_tim.o
 .text.TIM_ForcedOC3Config
                0x00000000       0x38 ..\obj\stm32f4xx_tim.o
 .text.TIM_ForcedOC4Config
                0x00000000       0x3c ..\obj\stm32f4xx_tim.o
 .text.TIM_OC4PreloadConfig
                0x00000000       0x3c ..\obj\stm32f4xx_tim.o
 .text.TIM_OC1FastConfig
                0x00000000       0x38 ..\obj\stm32f4xx_tim.o
 .text.TIM_OC2FastConfig
                0x00000000       0x3c ..\obj\stm32f4xx_tim.o
 .text.TIM_OC3FastConfig
                0x00000000       0x38 ..\obj\stm32f4xx_tim.o
 .text.TIM_OC4FastConfig
                0x00000000       0x3c ..\obj\stm32f4xx_tim.o
 .text.TIM_ClearOC1Ref
                0x00000000       0x38 ..\obj\stm32f4xx_tim.o
 .text.TIM_ClearOC2Ref
                0x00000000       0x3c ..\obj\stm32f4xx_tim.o
 .text.TIM_ClearOC3Ref
                0x00000000       0x38 ..\obj\stm32f4xx_tim.o
 .text.TIM_ClearOC4Ref
                0x00000000       0x3c ..\obj\stm32f4xx_tim.o
 .text.TIM_OC1PolarityConfig
                0x00000000       0x38 ..\obj\stm32f4xx_tim.o
 .text.TIM_OC1NPolarityConfig
                0x00000000       0x38 ..\obj\stm32f4xx_tim.o
 .text.TIM_OC2PolarityConfig
                0x00000000       0x3c ..\obj\stm32f4xx_tim.o
 .text.TIM_OC2NPolarityConfig
                0x00000000       0x3c ..\obj\stm32f4xx_tim.o
 .text.TIM_OC3PolarityConfig
                0x00000000       0x3c ..\obj\stm32f4xx_tim.o
 .text.TIM_OC3NPolarityConfig
                0x00000000       0x3c ..\obj\stm32f4xx_tim.o
 .text.TIM_OC4PolarityConfig
                0x00000000       0x3c ..\obj\stm32f4xx_tim.o
 .text.TIM_CCxCmd
                0x00000000       0x54 ..\obj\stm32f4xx_tim.o
 .text.TIM_CCxNCmd
                0x00000000       0x54 ..\obj\stm32f4xx_tim.o
 .text.TIM_ICInit
                0x00000000       0xa8 ..\obj\stm32f4xx_tim.o
 .text.TIM_ICStructInit
                0x00000000       0x30 ..\obj\stm32f4xx_tim.o
 .text.TIM_PWMIConfig
                0x00000000       0xb8 ..\obj\stm32f4xx_tim.o
 .text.TIM_GetCapture1
                0x00000000       0x18 ..\obj\stm32f4xx_tim.o
 .text.TIM_GetCapture2
                0x00000000       0x18 ..\obj\stm32f4xx_tim.o
 .text.TIM_GetCapture3
                0x00000000       0x18 ..\obj\stm32f4xx_tim.o
 .text.TIM_GetCapture4
                0x00000000       0x18 ..\obj\stm32f4xx_tim.o
 .text.TIM_SetIC1Prescaler
                0x00000000       0x38 ..\obj\stm32f4xx_tim.o
 .text.TIM_SetIC2Prescaler
                0x00000000       0x3c ..\obj\stm32f4xx_tim.o
 .text.TIM_SetIC3Prescaler
                0x00000000       0x38 ..\obj\stm32f4xx_tim.o
 .text.TIM_SetIC4Prescaler
                0x00000000       0x3c ..\obj\stm32f4xx_tim.o
 .text.TIM_BDTRConfig
                0x00000000       0x50 ..\obj\stm32f4xx_tim.o
 .text.TIM_BDTRStructInit
                0x00000000       0x3c ..\obj\stm32f4xx_tim.o
 .text.TIM_SelectCOM
                0x00000000       0x40 ..\obj\stm32f4xx_tim.o
 .text.TIM_CCPreloadControl
                0x00000000       0x40 ..\obj\stm32f4xx_tim.o
 .text.TIM_GenerateEvent
                0x00000000       0x1c ..\obj\stm32f4xx_tim.o
 .text.TIM_GetFlagStatus
                0x00000000       0x38 ..\obj\stm32f4xx_tim.o
 .text.TIM_ClearFlag
                0x00000000       0x20 ..\obj\stm32f4xx_tim.o
 .text.TIM_DMAConfig
                0x00000000       0x28 ..\obj\stm32f4xx_tim.o
 .text.TIM_DMACmd
                0x00000000       0x48 ..\obj\stm32f4xx_tim.o
 .text.TIM_SelectCCDMA
                0x00000000       0x40 ..\obj\stm32f4xx_tim.o
 .text.TIM_InternalClockConfig
                0x00000000       0x24 ..\obj\stm32f4xx_tim.o
 .text.TIM_ITRxExternalClockConfig
                0x00000000       0x2c ..\obj\stm32f4xx_tim.o
 .text.TIM_TIxExternalClockConfig
                0x00000000       0x60 ..\obj\stm32f4xx_tim.o
 .text.TIM_ETRClockMode1Config
                0x00000000       0x5c ..\obj\stm32f4xx_tim.o
 .text.TIM_ETRClockMode2Config
                0x00000000       0x3c ..\obj\stm32f4xx_tim.o
 .text.TIM_SelectInputTrigger
                0x00000000       0x38 ..\obj\stm32f4xx_tim.o
 .text.TIM_SelectOutputTrigger
                0x00000000       0x38 ..\obj\stm32f4xx_tim.o
 .text.TIM_SelectSlaveMode
                0x00000000       0x38 ..\obj\stm32f4xx_tim.o
 .text.TIM_SelectMasterSlaveMode
                0x00000000       0x38 ..\obj\stm32f4xx_tim.o
 .text.TIM_ETRConfig
                0x00000000       0x54 ..\obj\stm32f4xx_tim.o
 .text.TIM_EncoderInterfaceConfig
                0x00000000       0x98 ..\obj\stm32f4xx_tim.o
 .text.TIM_SelectHallSensor
                0x00000000       0x40 ..\obj\stm32f4xx_tim.o
 .text.TIM_RemapConfig
                0x00000000       0x20 ..\obj\stm32f4xx_tim.o
 .text.TI1_Config
                0x00000000       0x84 ..\obj\stm32f4xx_tim.o
 .text.TI2_Config
                0x00000000       0x98 ..\obj\stm32f4xx_tim.o
 .text.TI3_Config
                0x00000000       0x90 ..\obj\stm32f4xx_tim.o
 .text.TI4_Config
                0x00000000       0x9c ..\obj\stm32f4xx_tim.o
 .data          0x00000000        0x0 c:/program files (x86)/gnu tools arm embedded/4.9 2014q4/bin/../lib/gcc/arm-none-eabi/4.9.3/armv7e-m\libgcc.a(unwind-arm.o)
 .bss           0x00000000        0x0 c:/program files (x86)/gnu tools arm embedded/4.9 2014q4/bin/../lib/gcc/arm-none-eabi/4.9.3/armv7e-m\libgcc.a(unwind-arm.o)
 .ARM.extab     0x00000000        0x0 c:/program files (x86)/gnu tools arm embedded/4.9 2014q4/bin/../lib/gcc/arm-none-eabi/4.9.3/armv7e-m\libgcc.a(unwind-arm.o)
 .debug_frame   0x00000000      0x2f4 c:/program files (x86)/gnu tools arm embedded/4.9 2014q4/bin/../lib/gcc/arm-none-eabi/4.9.3/armv7e-m\libgcc.a(unwind-arm.o)
 .ARM.attributes
                0x00000000       0x2e c:/program files (x86)/gnu tools arm embedded/4.9 2014q4/bin/../lib/gcc/arm-none-eabi/4.9.3/armv7e-m\libgcc.a(unwind-arm.o)
 .data          0x00000000        0x0 c:/program files (x86)/gnu tools arm embedded/4.9 2014q4/bin/../lib/gcc/arm-none-eabi/4.9.3/armv7e-m\libgcc.a(libunwind.o)
 .bss           0x00000000        0x0 c:/program files (x86)/gnu tools arm embedded/4.9 2014q4/bin/../lib/gcc/arm-none-eabi/4.9.3/armv7e-m\libgcc.a(libunwind.o)
 .ARM.attributes
                0x00000000       0x1e c:/program files (x86)/gnu tools arm embedded/4.9 2014q4/bin/../lib/gcc/arm-none-eabi/4.9.3/armv7e-m\libgcc.a(libunwind.o)
 .data          0x00000000        0x0 c:/program files (x86)/gnu tools arm embedded/4.9 2014q4/bin/../lib/gcc/arm-none-eabi/4.9.3/armv7e-m\libgcc.a(pr-support.o)
 .bss           0x00000000        0x0 c:/program files (x86)/gnu tools arm embedded/4.9 2014q4/bin/../lib/gcc/arm-none-eabi/4.9.3/armv7e-m\libgcc.a(pr-support.o)
 .debug_frame   0x00000000      0x104 c:/program files (x86)/gnu tools arm embedded/4.9 2014q4/bin/../lib/gcc/arm-none-eabi/4.9.3/armv7e-m\libgcc.a(pr-support.o)
 .ARM.attributes
                0x00000000       0x2e c:/program files (x86)/gnu tools arm embedded/4.9 2014q4/bin/../lib/gcc/arm-none-eabi/4.9.3/armv7e-m\libgcc.a(pr-support.o)
 .text          0x00000000        0x0 c:/program files (x86)/gnu tools arm embedded/4.9 2014q4/bin/../lib/gcc/arm-none-eabi/4.9.3/../../../../arm-none-eabi/lib/armv7e-m\libg.a(lib_a-exit.o)
 .data          0x00000000        0x0 c:/program files (x86)/gnu tools arm embedded/4.9 2014q4/bin/../lib/gcc/arm-none-eabi/4.9.3/../../../../arm-none-eabi/lib/armv7e-m\libg.a(lib_a-exit.o)
 .bss           0x00000000        0x0 c:/program files (x86)/gnu tools arm embedded/4.9 2014q4/bin/../lib/gcc/arm-none-eabi/4.9.3/../../../../arm-none-eabi/lib/armv7e-m\libg.a(lib_a-exit.o)
 .text.exit     0x00000000       0x20 c:/program files (x86)/gnu tools arm embedded/4.9 2014q4/bin/../lib/gcc/arm-none-eabi/4.9.3/../../../../arm-none-eabi/lib/armv7e-m\libg.a(lib_a-exit.o)
 .debug_frame   0x00000000       0x28 c:/program files (x86)/gnu tools arm embedded/4.9 2014q4/bin/../lib/gcc/arm-none-eabi/4.9.3/../../../../arm-none-eabi/lib/armv7e-m\libg.a(lib_a-exit.o)
 .ARM.attributes
                0x00000000       0x2e c:/program files (x86)/gnu tools arm embedded/4.9 2014q4/bin/../lib/gcc/arm-none-eabi/4.9.3/../../../../arm-none-eabi/lib/armv7e-m\libg.a(lib_a-exit.o)
 .text          0x00000000        0x0 c:/program files (x86)/gnu tools arm embedded/4.9 2014q4/bin/../lib/gcc/arm-none-eabi/4.9.3/../../../../arm-none-eabi/lib/armv7e-m\libg.a(lib_a-impure.o)
 .data          0x00000000        0x0 c:/program files (x86)/gnu tools arm embedded/4.9 2014q4/bin/../lib/gcc/arm-none-eabi/4.9.3/../../../../arm-none-eabi/lib/armv7e-m\libg.a(lib_a-impure.o)
 .bss           0x00000000        0x0 c:/program files (x86)/gnu tools arm embedded/4.9 2014q4/bin/../lib/gcc/arm-none-eabi/4.9.3/../../../../arm-none-eabi/lib/armv7e-m\libg.a(lib_a-impure.o)
 .data._impure_ptr
                0x00000000        0x4 c:/program files (x86)/gnu tools arm embedded/4.9 2014q4/bin/../lib/gcc/arm-none-eabi/4.9.3/../../../../arm-none-eabi/lib/armv7e-m\libg.a(lib_a-impure.o)
 .text          0x00000000        0x0 c:/program files (x86)/gnu tools arm embedded/4.9 2014q4/bin/../lib/gcc/arm-none-eabi/4.9.3/../../../../arm-none-eabi/lib/armv7e-m\libg.a(lib_a-init.o)
 .data          0x00000000        0x0 c:/program files (x86)/gnu tools arm embedded/4.9 2014q4/bin/../lib/gcc/arm-none-eabi/4.9.3/../../../../arm-none-eabi/lib/armv7e-m\libg.a(lib_a-init.o)
 .bss           0x00000000        0x0 c:/program files (x86)/gnu tools arm embedded/4.9 2014q4/bin/../lib/gcc/arm-none-eabi/4.9.3/../../../../arm-none-eabi/lib/armv7e-m\libg.a(lib_a-init.o)
 .text.__libc_init_array
                0x00000000       0x50 c:/program files (x86)/gnu tools arm embedded/4.9 2014q4/bin/../lib/gcc/arm-none-eabi/4.9.3/../../../../arm-none-eabi/lib/armv7e-m\libg.a(lib_a-init.o)
 .debug_frame   0x00000000       0x2c c:/program files (x86)/gnu tools arm embedded/4.9 2014q4/bin/../lib/gcc/arm-none-eabi/4.9.3/../../../../arm-none-eabi/lib/armv7e-m\libg.a(lib_a-init.o)
 .ARM.attributes
                0x00000000       0x2e c:/program files (x86)/gnu tools arm embedded/4.9 2014q4/bin/../lib/gcc/arm-none-eabi/4.9.3/../../../../arm-none-eabi/lib/armv7e-m\libg.a(lib_a-init.o)
 .data          0x00000000        0x0 c:/program files (x86)/gnu tools arm embedded/4.9 2014q4/bin/../lib/gcc/arm-none-eabi/4.9.3/../../../../arm-none-eabi/lib/armv7e-m\libg.a(lib_a-memcpy.o)
 .bss           0x00000000        0x0 c:/program files (x86)/gnu tools arm embedded/4.9 2014q4/bin/../lib/gcc/arm-none-eabi/4.9.3/../../../../arm-none-eabi/lib/armv7e-m\libg.a(lib_a-memcpy.o)
 .ARM.attributes
                0x00000000       0x1c c:/program files (x86)/gnu tools arm embedded/4.9 2014q4/bin/../lib/gcc/arm-none-eabi/4.9.3/../../../../arm-none-eabi/lib/armv7e-m\libg.a(lib_a-memcpy.o)
 .text          0x00000000        0x0 c:/program files (x86)/gnu tools arm embedded/4.9 2014q4/bin/../lib/gcc/arm-none-eabi/4.9.3/../../../../arm-none-eabi/lib/armv7e-m\libg.a(lib_a-memset.o)
 .data          0x00000000        0x0 c:/program files (x86)/gnu tools arm embedded/4.9 2014q4/bin/../lib/gcc/arm-none-eabi/4.9.3/../../../../arm-none-eabi/lib/armv7e-m\libg.a(lib_a-memset.o)
 .bss           0x00000000        0x0 c:/program files (x86)/gnu tools arm embedded/4.9 2014q4/bin/../lib/gcc/arm-none-eabi/4.9.3/../../../../arm-none-eabi/lib/armv7e-m\libg.a(lib_a-memset.o)
 .text.memset   0x00000000       0x9c c:/program files (x86)/gnu tools arm embedded/4.9 2014q4/bin/../lib/gcc/arm-none-eabi/4.9.3/../../../../arm-none-eabi/lib/armv7e-m\libg.a(lib_a-memset.o)
 .debug_frame   0x00000000       0x34 c:/program files (x86)/gnu tools arm embedded/4.9 2014q4/bin/../lib/gcc/arm-none-eabi/4.9.3/../../../../arm-none-eabi/lib/armv7e-m\libg.a(lib_a-memset.o)
 .ARM.attributes
                0x00000000       0x2e c:/program files (x86)/gnu tools arm embedded/4.9 2014q4/bin/../lib/gcc/arm-none-eabi/4.9.3/../../../../arm-none-eabi/lib/armv7e-m\libg.a(lib_a-memset.o)
 .text          0x00000000        0x0 c:/program files (x86)/gnu tools arm embedded/4.9 2014q4/bin/../lib/gcc/arm-none-eabi/4.9.3/../../../../arm-none-eabi/lib/armv7e-m\libg.a(lib_a-__call_atexit.o)
 .data          0x00000000        0x0 c:/program files (x86)/gnu tools arm embedded/4.9 2014q4/bin/../lib/gcc/arm-none-eabi/4.9.3/../../../../arm-none-eabi/lib/armv7e-m\libg.a(lib_a-__call_atexit.o)
 .bss           0x00000000        0x0 c:/program files (x86)/gnu tools arm embedded/4.9 2014q4/bin/../lib/gcc/arm-none-eabi/4.9.3/../../../../arm-none-eabi/lib/armv7e-m\libg.a(lib_a-__call_atexit.o)
 .text.__call_exitprocs
                0x00000000       0xd4 c:/program files (x86)/gnu tools arm embedded/4.9 2014q4/bin/../lib/gcc/arm-none-eabi/4.9.3/../../../../arm-none-eabi/lib/armv7e-m\libg.a(lib_a-__call_atexit.o)
 .text          0x00000000        0x0 c:/program files (x86)/gnu tools arm embedded/4.9 2014q4/bin/../lib/gcc/arm-none-eabi/4.9.3/../../../../arm-none-eabi/lib/armv7e-m\libg.a(lib_a-atexit.o)
 .data          0x00000000        0x0 c:/program files (x86)/gnu tools arm embedded/4.9 2014q4/bin/../lib/gcc/arm-none-eabi/4.9.3/../../../../arm-none-eabi/lib/armv7e-m\libg.a(lib_a-atexit.o)
 .bss           0x00000000        0x0 c:/program files (x86)/gnu tools arm embedded/4.9 2014q4/bin/../lib/gcc/arm-none-eabi/4.9.3/../../../../arm-none-eabi/lib/armv7e-m\libg.a(lib_a-atexit.o)
 .text          0x00000000        0x0 c:/program files (x86)/gnu tools arm embedded/4.9 2014q4/bin/../lib/gcc/arm-none-eabi/4.9.3/../../../../arm-none-eabi/lib/armv7e-m\libg.a(lib_a-fini.o)
 .data          0x00000000        0x0 c:/program files (x86)/gnu tools arm embedded/4.9 2014q4/bin/../lib/gcc/arm-none-eabi/4.9.3/../../../../arm-none-eabi/lib/armv7e-m\libg.a(lib_a-fini.o)
 .bss           0x00000000        0x0 c:/program files (x86)/gnu tools arm embedded/4.9 2014q4/bin/../lib/gcc/arm-none-eabi/4.9.3/../../../../arm-none-eabi/lib/armv7e-m\libg.a(lib_a-fini.o)
 .text          0x00000000        0x0 c:/program files (x86)/gnu tools arm embedded/4.9 2014q4/bin/../lib/gcc/arm-none-eabi/4.9.3/../../../../arm-none-eabi/lib/armv7e-m\libg.a(lib_a-__atexit.o)
 .data          0x00000000        0x0 c:/program files (x86)/gnu tools arm embedded/4.9 2014q4/bin/../lib/gcc/arm-none-eabi/4.9.3/../../../../arm-none-eabi/lib/armv7e-m\libg.a(lib_a-__atexit.o)
 .bss           0x00000000        0x0 c:/program files (x86)/gnu tools arm embedded/4.9 2014q4/bin/../lib/gcc/arm-none-eabi/4.9.3/../../../../arm-none-eabi/lib/armv7e-m\libg.a(lib_a-__atexit.o)
 .text          0x00000000        0x0 c:/program files (x86)/gnu tools arm embedded/4.9 2014q4/bin/../lib/gcc/arm-none-eabi/4.9.3/armv7e-m/crtend.o
 .data          0x00000000        0x0 c:/program files (x86)/gnu tools arm embedded/4.9 2014q4/bin/../lib/gcc/arm-none-eabi/4.9.3/armv7e-m/crtend.o
 .bss           0x00000000        0x0 c:/program files (x86)/gnu tools arm embedded/4.9 2014q4/bin/../lib/gcc/arm-none-eabi/4.9.3/armv7e-m/crtend.o
 .eh_frame      0x00000000        0x4 c:/program files (x86)/gnu tools arm embedded/4.9 2014q4/bin/../lib/gcc/arm-none-eabi/4.9.3/armv7e-m/crtend.o
 .text          0x00000000        0x0 c:/program files (x86)/gnu tools arm embedded/4.9 2014q4/bin/../lib/gcc/arm-none-eabi/4.9.3/armv7e-m/crtn.o
 .data          0x00000000        0x0 c:/program files (x86)/gnu tools arm embedded/4.9 2014q4/bin/../lib/gcc/arm-none-eabi/4.9.3/armv7e-m/crtn.o
 .bss           0x00000000        0x0 c:/program files (x86)/gnu tools arm embedded/4.9 2014q4/bin/../lib/gcc/arm-none-eabi/4.9.3/armv7e-m/crtn.o

Memory Configuration

Name             Origin             Length             Attributes
rom              0x08000000         0x00040000         xr
ram              0x20000000         0x00010000         xrw
*default*        0x00000000         0xffffffff

Linker script and memory map

LOAD c:/program files (x86)/gnu tools arm embedded/4.9 2014q4/bin/../lib/gcc/arm-none-eabi/4.9.3/armv7e-m/crti.o
LOAD c:/program files (x86)/gnu tools arm embedded/4.9 2014q4/bin/../lib/gcc/arm-none-eabi/4.9.3/armv7e-m/crtbegin.o
LOAD c:/program files (x86)/gnu tools arm embedded/4.9 2014q4/bin/../lib/gcc/arm-none-eabi/4.9.3/../../../../arm-none-eabi/lib/armv7e-m/crt0.o
                0x20010000                _eram = 0x20010000

.text           0x08000000     0x2150
 *(.isr_vector)
 .isr_vector    0x08000000      0x188 ..\obj\startup_stm32f4xx.o
                0x08000000                g_pfnVectors
 *(.text*)
 .text          0x08000188       0x5c c:/program files (x86)/gnu tools arm embedded/4.9 2014q4/bin/../lib/gcc/arm-none-eabi/4.9.3/armv7e-m/crtbegin.o
 .text.Default_Reset_Handler
                0x080001e4       0x5c ..\obj\startup_stm32f4xx.o
                0x080001e4                Default_Reset_Handler
                0x080001e4                Reset_Handler
 .text.Default_Handler
                0x08000240        0x8 ..\obj\startup_stm32f4xx.o
                0x08000240                RTC_Alarm_IRQHandler
                0x08000240                HASH_RNG_IRQHandler
                0x08000240                EXTI2_IRQHandler
                0x08000240                TIM8_CC_IRQHandler
                0x08000240                DebugMon_Handler
                0x08000240                TIM1_CC_IRQHandler
                0x08000240                DMA2_Stream5_IRQHandler
                0x08000240                DMA1_Stream5_IRQHandler
                0x08000240                SysTick_Handler
                0x08000240                PVD_IRQHandler
                0x08000240                SDIO_IRQHandler
                0x08000240                TAMP_STAMP_IRQHandler
                0x08000240                PendSV_Handler
                0x08000240                NMI_Handler
                0x08000240                CAN2_RX1_IRQHandler
                0x08000240                EXTI3_IRQHandler
                0x08000240                TIM8_TRG_COM_TIM14_IRQHandler
                0x08000240                TIM8_UP_TIM13_IRQHandler
                0x08000240                I2C3_ER_IRQHandler
                0x08000240                EXTI0_IRQHandler
                0x08000240                I2C2_EV_IRQHandler
                0x08000240                DMA1_Stream2_IRQHandler
                0x08000240                CAN1_RX0_IRQHandler
                0x08000240                FPU_IRQHandler
                0x08000240                OTG_HS_WKUP_IRQHandler
                0x08000240                UsageFault_Handler
                0x08000240                CAN2_SCE_IRQHandler
                0x08000240                DMA2_Stream2_IRQHandler
                0x08000240                SPI1_IRQHandler
                0x08000240                TIM6_DAC_IRQHandler
                0x08000240                TIM1_BRK_TIM9_IRQHandler
                0x08000240                DCMI_IRQHandler
                0x08000240                CAN2_RX0_IRQHandler
                0x08000240                DMA2_Stream3_IRQHandler
                0x08000240                USART6_IRQHandler
                0x08000240                USART3_IRQHandler
                0x08000240                CRYP_IRQHandler
                0x08000240                CAN1_RX1_IRQHandler
                0x08000240                UART5_IRQHandler
                0x08000240                DMA2_Stream0_IRQHandler
                0x08000240                TIM4_IRQHandler
                0x08000240                I2C1_EV_IRQHandler
                0x08000240                DMA1_Stream6_IRQHandler
                0x08000240                DMA1_Stream1_IRQHandler
                0x08000240                UART4_IRQHandler
                0x08000240                TIM3_IRQHandler
                0x08000240                RCC_IRQHandler
                0x08000240                TIM8_BRK_TIM12_IRQHandler
                0x08000240                EXTI15_10_IRQHandler
                0x08000240                ADC_IRQHandler
                0x08000240                DMA1_Stream7_IRQHandler
                0x08000240                TIM7_IRQHandler
                0x08000240                CAN2_TX_IRQHandler
                0x08000240                TIM5_IRQHandler
                0x08000240                DMA2_Stream7_IRQHandler
                0x08000240                I2C3_EV_IRQHandler
                0x08000240                EXTI9_5_IRQHandler
                0x08000240                RTC_WKUP_IRQHandler
                0x08000240                ETH_WKUP_IRQHandler
                0x08000240                SPI2_IRQHandler
                0x08000240                OTG_HS_EP1_IN_IRQHandler
                0x08000240                MemManage_Handler
                0x08000240                DMA1_Stream0_IRQHandler
                0x08000240                CAN1_TX_IRQHandler
                0x08000240                SVC_Handler
                0x08000240                EXTI4_IRQHandler
                0x08000240                FSMC_IRQHandler
                0x08000240                ETH_IRQHandler
                0x08000240                OTG_HS_EP1_OUT_IRQHandler
                0x08000240                WWDG_IRQHandler
                0x08000240                TIM2_IRQHandler
                0x08000240                OTG_FS_WKUP_IRQHandler
                0x08000240                TIM1_TRG_COM_TIM11_IRQHandler
                0x08000240                OTG_HS_IRQHandler
                0x08000240                EXTI1_IRQHandler
                0x08000240                USART2_IRQHandler
                0x08000240                I2C2_ER_IRQHandler
                0x08000240                DMA2_Stream1_IRQHandler
                0x08000240                CAN1_SCE_IRQHandler
                0x08000240                FLASH_IRQHandler
                0x08000240                DMA2_Stream4_IRQHandler
                0x08000240                BusFault_Handler
                0x08000240                USART1_IRQHandler
                0x08000240                OTG_FS_IRQHandler
                0x08000240                SPI3_IRQHandler
                0x08000240                DMA1_Stream4_IRQHandler
                0x08000240                I2C1_ER_IRQHandler
                0x08000240                DMA2_Stream6_IRQHandler
                0x08000240                DMA1_Stream3_IRQHandler
 .text._Z17RCC_configurationv
                0x08000248       0x18 ..\obj\main.o
                0x08000248                RCC_configuration()
 .text._Z18NVIC_configurationv
                0x08000260       0x2c ..\obj\main.o
                0x08000260                NVIC_configuration()
 .text._Z18GPIO_configurationv
                0x0800028c       0x7c ..\obj\main.o
                0x0800028c                GPIO_configuration()
 .text._Z18TIM1_configurationv
                0x08000308       0x9c ..\obj\main.o
                0x08000308                TIM1_configuration()
 .text.main     0x080003a4       0x30 ..\obj\main.o
                0x080003a4                main
 .text.TIM1_UP_TIM10_IRQHandler
                0x080003d4       0x80 ..\obj\main.o
                0x080003d4                TIM1_UP_TIM10_IRQHandler
 .text.RCC_AHB1PeriphClockCmd
                0x08000454       0x3c ..\obj\stm32f4xx_rcc.o
                0x08000454                RCC_AHB1PeriphClockCmd
 .text.RCC_APB2PeriphClockCmd
                0x08000490       0x3c ..\obj\stm32f4xx_rcc.o
                0x08000490                RCC_APB2PeriphClockCmd
 .text.GPIO_Init
                0x080004cc      0x11c ..\obj\stm32f4xx_gpio.o
                0x080004cc                GPIO_Init
 .text.GPIO_ReadInputDataBit
                0x080005e8       0x34 ..\obj\stm32f4xx_gpio.o
                0x080005e8                GPIO_ReadInputDataBit
 .text.GPIO_ResetBits
                0x0800061c       0x1c ..\obj\stm32f4xx_gpio.o
                0x0800061c                GPIO_ResetBits
 .text.GPIO_PinAFConfig
                0x08000638       0x90 ..\obj\stm32f4xx_gpio.o
                0x08000638                GPIO_PinAFConfig
 .text          0x080006c8       0x28 ..\obj\sh_cmd.o
                0x080006c8                SH_DoCommand
                0x080006da                HardFault_Handler
 .text.SystemInit
                0x080006f0       0x58 ..\obj\system_stm32f4xx.o
                0x080006f0                SystemInit
 .text.SetSysClock
                0x08000748       0xf4 ..\obj\system_stm32f4xx.o
 .text.abort    0x0800083c        0x8 ..\obj\syscalls.o
                0x0800083c                abort
 .text.NVIC_PriorityGroupConfig
                0x08000844       0x24 ..\obj\misc.o
                0x08000844                NVIC_PriorityGroupConfig
 .text.NVIC_Init
                0x08000868       0xc0 ..\obj\misc.o
                0x08000868                NVIC_Init
 .text.TIM_TimeBaseInit
                0x08000928       0xd4 ..\obj\stm32f4xx_tim.o
                0x08000928                TIM_TimeBaseInit
 .text.TIM_ARRPreloadConfig
                0x080009fc       0x40 ..\obj\stm32f4xx_tim.o
                0x080009fc                TIM_ARRPreloadConfig
 .text.TIM_Cmd  0x08000a3c       0x40 ..\obj\stm32f4xx_tim.o
                0x08000a3c                TIM_Cmd
 .text.TIM_OC1Init
                0x08000a7c       0xf4 ..\obj\stm32f4xx_tim.o
                0x08000a7c                TIM_OC1Init
 .text.TIM_OC2Init
                0x08000b70      0x110 ..\obj\stm32f4xx_tim.o
                0x08000b70                TIM_OC2Init
 .text.TIM_OC3Init
                0x08000c80      0x10c ..\obj\stm32f4xx_tim.o
                0x08000c80                TIM_OC3Init
 .text.TIM_SetCompare1
                0x08000d8c       0x1c ..\obj\stm32f4xx_tim.o
                0x08000d8c                TIM_SetCompare1
 .text.TIM_SetCompare2
                0x08000da8       0x1c ..\obj\stm32f4xx_tim.o
                0x08000da8                TIM_SetCompare2
 .text.TIM_SetCompare3
                0x08000dc4       0x1c ..\obj\stm32f4xx_tim.o
                0x08000dc4                TIM_SetCompare3
 .text.TIM_OC1PreloadConfig
                0x08000de0       0x38 ..\obj\stm32f4xx_tim.o
                0x08000de0                TIM_OC1PreloadConfig
 .text.TIM_OC2PreloadConfig
                0x08000e18       0x3c ..\obj\stm32f4xx_tim.o
                0x08000e18                TIM_OC2PreloadConfig
 .text.TIM_OC3PreloadConfig
                0x08000e54       0x38 ..\obj\stm32f4xx_tim.o
                0x08000e54                TIM_OC3PreloadConfig
 .text.TIM_CtrlPWMOutputs
                0x08000e8c       0x4c ..\obj\stm32f4xx_tim.o
                0x08000e8c                TIM_CtrlPWMOutputs
 .text.TIM_ITConfig
                0x08000ed8       0x48 ..\obj\stm32f4xx_tim.o
                0x08000ed8                TIM_ITConfig
 .text.TIM_GetITStatus
                0x08000f20       0x54 ..\obj\stm32f4xx_tim.o
                0x08000f20                TIM_GetITStatus
 .text.TIM_ClearITPendingBit
                0x08000f74       0x20 ..\obj\stm32f4xx_tim.o
                0x08000f74                TIM_ClearITPendingBit
 .text          0x08000f94      0xa50 c:/program files (x86)/gnu tools arm embedded/4.9 2014q4/bin/../lib/gcc/arm-none-eabi/4.9.3/armv7e-m\libgcc.a(unwind-arm.o)
                0x08001270                _Unwind_GetCFA
                0x08001274                __gnu_Unwind_RaiseException
                0x080012d4                __gnu_Unwind_ForcedUnwind
                0x080012e8                __gnu_Unwind_Resume
                0x0800132c                __gnu_Unwind_Resume_or_Rethrow
                0x0800133c                _Unwind_Complete
                0x08001340                _Unwind_DeleteException
                0x0800134c                _Unwind_VRS_Get
                0x0800139c                _Unwind_VRS_Set
                0x080013ec                __gnu_Unwind_Backtrace
                0x08001730                __aeabi_unwind_cpp_pr0
                0x08001734                __aeabi_unwind_cpp_pr1
                0x08001738                __aeabi_unwind_cpp_pr2
                0x0800173c                _Unwind_VRS_Pop
 .text          0x080019e4      0x1ac c:/program files (x86)/gnu tools arm embedded/4.9 2014q4/bin/../lib/gcc/arm-none-eabi/4.9.3/armv7e-m\libgcc.a(libunwind.o)
                0x080019e4                __restore_core_regs
                0x080019e4                restore_core_regs
                0x080019fc                __gnu_Unwind_Restore_VFP
                0x08001a04                __gnu_Unwind_Save_VFP
                0x08001a0c                __gnu_Unwind_Restore_VFP_D
                0x08001a14                __gnu_Unwind_Save_VFP_D
                0x08001a1c                __gnu_Unwind_Restore_VFP_D_16_to_31
                0x08001a24                __gnu_Unwind_Save_VFP_D_16_to_31
                0x08001a2c                __gnu_Unwind_Restore_WMMXD
                0x08001a70                __gnu_Unwind_Save_WMMXD
                0x08001ab4                __gnu_Unwind_Restore_WMMXC
                0x08001ac8                __gnu_Unwind_Save_WMMXC
                0x08001adc                ___Unwind_RaiseException
                0x08001adc                _Unwind_RaiseException
                0x08001b00                _Unwind_Resume
                0x08001b00                ___Unwind_Resume
                0x08001b24                _Unwind_Resume_or_Rethrow
                0x08001b24                ___Unwind_Resume_or_Rethrow
                0x08001b48                _Unwind_ForcedUnwind
                0x08001b48                ___Unwind_ForcedUnwind
                0x08001b6c                ___Unwind_Backtrace
                0x08001b6c                _Unwind_Backtrace
 .text          0x08001b90      0x37c c:/program files (x86)/gnu tools arm embedded/4.9 2014q4/bin/../lib/gcc/arm-none-eabi/4.9.3/armv7e-m\libgcc.a(pr-support.o)
                0x08001be8                __gnu_unwind_execute
                0x08001eb4                __gnu_unwind_frame
                0x08001edc                _Unwind_GetRegionStart
                0x08001ee8                _Unwind_GetLanguageSpecificData
                0x08001efc                _Unwind_GetDataRelBase
                0x08001f04                _Unwind_GetTextRelBase
 .text          0x08001f0c      0x134 c:/program files (x86)/gnu tools arm embedded/4.9 2014q4/bin/../lib/gcc/arm-none-eabi/4.9.3/../../../../arm-none-eabi/lib/armv7e-m\libg.a(lib_a-memcpy.o)
                0x08001f0c                memcpy
 .text.startup.register_fini
                0x08002040       0x14 c:/program files (x86)/gnu tools arm embedded/4.9 2014q4/bin/../lib/gcc/arm-none-eabi/4.9.3/../../../../arm-none-eabi/lib/armv7e-m\libg.a(lib_a-__call_atexit.o)
 .text.atexit   0x08002054        0xc c:/program files (x86)/gnu tools arm embedded/4.9 2014q4/bin/../lib/gcc/arm-none-eabi/4.9.3/../../../../arm-none-eabi/lib/armv7e-m\libg.a(lib_a-atexit.o)
                0x08002054                atexit
 .text.__libc_fini_array
                0x08002060       0x2c c:/program files (x86)/gnu tools arm embedded/4.9 2014q4/bin/../lib/gcc/arm-none-eabi/4.9.3/../../../../arm-none-eabi/lib/armv7e-m\libg.a(lib_a-fini.o)
                0x08002060                __libc_fini_array
 .text.__register_exitproc
                0x0800208c       0xa4 c:/program files (x86)/gnu tools arm embedded/4.9 2014q4/bin/../lib/gcc/arm-none-eabi/4.9.3/../../../../arm-none-eabi/lib/armv7e-m\libg.a(lib_a-__atexit.o)
                0x0800208c                __register_exitproc
 *(.init)
 .init          0x08002130        0x4 c:/program files (x86)/gnu tools arm embedded/4.9 2014q4/bin/../lib/gcc/arm-none-eabi/4.9.3/armv7e-m/crti.o
                0x08002130                _init
 .init          0x08002134        0x8 c:/program files (x86)/gnu tools arm embedded/4.9 2014q4/bin/../lib/gcc/arm-none-eabi/4.9.3/armv7e-m/crtn.o
 *(.fini)
 .fini          0x0800213c        0x4 c:/program files (x86)/gnu tools arm embedded/4.9 2014q4/bin/../lib/gcc/arm-none-eabi/4.9.3/armv7e-m/crti.o
                0x0800213c                _fini
 .fini          0x08002140        0x8 c:/program files (x86)/gnu tools arm embedded/4.9 2014q4/bin/../lib/gcc/arm-none-eabi/4.9.3/armv7e-m/crtn.o
 *crtbegin.o(.ctors)
 *crtbegin?.o(.ctors)
 *(EXCLUDE_FILE(*crtend.o *crtend?.o) .ctors)
 *(SORT(.ctors.*))
 *(.ctors)
 *crtbegin.o(.dtors)
 *crtbegin?.o(.dtors)
 *(EXCLUDE_FILE(*crtend.o *crtend?.o) .dtors)
 *(SORT(.dtors.*))
 *(.dtors)
 *(.rodata*)
 .rodata.str1.4
                0x08002148        0x4 c:/program files (x86)/gnu tools arm embedded/4.9 2014q4/bin/../lib/gcc/arm-none-eabi/4.9.3/../../../../arm-none-eabi/lib/armv7e-m\libg.a(lib_a-impure.o)
 .rodata._global_impure_ptr
                0x0800214c        0x4 c:/program files (x86)/gnu tools arm embedded/4.9 2014q4/bin/../lib/gcc/arm-none-eabi/4.9.3/../../../../arm-none-eabi/lib/armv7e-m\libg.a(lib_a-impure.o)
                0x0800214c                _global_impure_ptr
 *(.eh_fram e*)

.glue_7         0x08002150        0x0
 .glue_7        0x00000000        0x0 linker stubs

.glue_7t        0x08002150        0x0
 .glue_7t       0x00000000        0x0 linker stubs

.vfp11_veneer   0x08002150        0x0
 .vfp11_veneer  0x00000000        0x0 linker stubs

.v4_bx          0x08002150        0x0
 .v4_bx         0x00000000        0x0 linker stubs

.iplt           0x08002150        0x0
 .iplt          0x00000000        0x0 c:/program files (x86)/gnu tools arm embedded/4.9 2014q4/bin/../lib/gcc/arm-none-eabi/4.9.3/armv7e-m/crtbegin.o

.ARM.extab      0x08002150       0x48
 *(.ARM.extab* .gnu.linkonce.armextab.*)
 .ARM.extab.text._Z18NVIC_configurationv
                0x08002150        0xc ..\obj\main.o
 .ARM.extab.text._Z18GPIO_configurationv
                0x0800215c        0xc ..\obj\main.o
 .ARM.extab.text._Z18TIM1_configurationv
                0x08002168        0xc ..\obj\main.o
 .ARM.extab.text.TIM1_UP_TIM10_IRQHandler
                0x08002174        0xc ..\obj\main.o
 .ARM.extab     0x08002180       0x18 c:/program files (x86)/gnu tools arm embedded/4.9 2014q4/bin/../lib/gcc/arm-none-eabi/4.9.3/armv7e-m\libgcc.a(pr-support.o)
                0x08002198                __exidx_start = .

.eh_frame       0x08002198        0x0
 .eh_frame      0x08002198        0x0 c:/program files (x86)/gnu tools arm embedded/4.9 2014q4/bin/../lib/gcc/arm-none-eabi/4.9.3/armv7e-m/crtbegin.o

.ARM.exidx      0x08002198       0xe8
 *(.ARM.exidx* .gnu.linkonce.armexidx.*)
 .ARM.exidx.text._Z17RCC_configurationv
                0x08002198        0x8 ..\obj\main.o
 .ARM.exidx.text._Z18NVIC_configurationv
                0x080021a0        0x8 ..\obj\main.o
 .ARM.exidx.text._Z18GPIO_configurationv
                0x080021a8        0x8 ..\obj\main.o
 .ARM.exidx.text._Z18TIM1_configurationv
                0x080021b0        0x8 ..\obj\main.o
 .ARM.exidx.text.main
                0x080021b8        0x8 ..\obj\main.o
 .ARM.exidx.text.TIM1_UP_TIM10_IRQHandler
                0x080021c0       0x10 ..\obj\main.o
                                  0x8 (size before relaxing)
 .ARM.exidx     0x080021d0       0x78 c:/program files (x86)/gnu tools arm embedded/4.9 2014q4/bin/../lib/gcc/arm-none-eabi/4.9.3/armv7e-m\libgcc.a(unwind-arm.o)
                                 0xd8 (size before relaxing)
 .ARM.exidx     0x08002248       0x38 c:/program files (x86)/gnu tools arm embedded/4.9 2014q4/bin/../lib/gcc/arm-none-eabi/4.9.3/armv7e-m\libgcc.a(pr-support.o)
                                 0x48 (size before relaxing)
                0x08002280                __exidx_end = .
                0x08002280                __etext = .
                0x08002280                _sidata = __etext

.rel.dyn        0x08002280        0x0
 .rel.iplt      0x00000000        0x0 c:/program files (x86)/gnu tools arm embedded/4.9 2014q4/bin/../lib/gcc/arm-none-eabi/4.9.3/armv7e-m/crtbegin.o

.data           0x20000000      0x438 load address 0x08002280
                0x20000000                __data_start__ = .
                0x20000000                _sdata = __data_start__
 *(vtable)
 *(.data*)
 .data.impure_data
                0x20000000      0x428 c:/program files (x86)/gnu tools arm embedded/4.9 2014q4/bin/../lib/gcc/arm-none-eabi/4.9.3/../../../../arm-none-eabi/lib/armv7e-m\libg.a(lib_a-impure.o)
                0x20000428                . = ALIGN (0x4)
                0x20000428                PROVIDE (__preinit_array_start, .)
 *(.preinit_array)
                0x20000428                PROVIDE (__preinit_array_end, .)
                0x20000428                . = ALIGN (0x4)
                0x20000428                PROVIDE (__init_array_start, .)
 *(SORT(.init_array.*))
 .init_array.00000
                0x20000428        0x4 c:/program files (x86)/gnu tools arm embedded/4.9 2014q4/bin/../lib/gcc/arm-none-eabi/4.9.3/../../../../arm-none-eabi/lib/armv7e-m\libg.a(lib_a-__call_atexit.o)
 *(.init_array)
 .init_array    0x2000042c        0x4 c:/program files (x86)/gnu tools arm embedded/4.9 2014q4/bin/../lib/gcc/arm-none-eabi/4.9.3/armv7e-m/crtbegin.o
                0x20000430                PROVIDE (__init_array_end, .)
                0x20000430                . = ALIGN (0x4)
                0x20000430                PROVIDE (__fini_array_start, .)
 *(SORT(.fini_array.*))
 *(.fini_array)
 .fini_array    0x20000430        0x4 c:/program files (x86)/gnu tools arm embedded/4.9 2014q4/bin/../lib/gcc/arm-none-eabi/4.9.3/armv7e-m/crtbegin.o
                0x20000434                PROVIDE (__fini_array_end, .)
 *(.jcr*)
 .jcr           0x20000434        0x0 c:/program files (x86)/gnu tools arm embedded/4.9 2014q4/bin/../lib/gcc/arm-none-eabi/4.9.3/armv7e-m/crtbegin.o
 .jcr           0x20000434        0x4 c:/program files (x86)/gnu tools arm embedded/4.9 2014q4/bin/../lib/gcc/arm-none-eabi/4.9.3/armv7e-m/crtend.o
                0x20000438                . = ALIGN (0x4)
                0x20000438                __data_end__ = .
                0x20000438                _edata = __data_end__

.igot.plt       0x20000438        0x0 load address 0x080026b8
 .igot.plt      0x00000000        0x0 c:/program files (x86)/gnu tools arm embedded/4.9 2014q4/bin/../lib/gcc/arm-none-eabi/4.9.3/armv7e-m/crtbegin.o

.bss            0x20000438       0x20 load address 0x080026b8
                0x20000438                . = ALIGN (0x4)
                0x20000438                __bss_start__ = .
                0x20000438                _sbss = __bss_start__
 *(.bss*)
 .bss           0x20000438       0x1c c:/program files (x86)/gnu tools arm embedded/4.9 2014q4/bin/../lib/gcc/arm-none-eabi/4.9.3/armv7e-m/crtbegin.o
 .bss           0x20000454        0x4 ..\obj\main.o
                0x20000454                pressed
 *(COMMON)
                0x20000458                . = ALIGN (0x4)
                0x20000458                __bss_end__ = .
                0x20000458                _ebss = __bss_end__

.heap           0x20000458        0x0
                0x20000458                __end__ = .
                0x20000458                _end = __end__
                0x20000458                end = __end__
 *(.heap*)
                0x20000458                __HeapLimit = .

.co_stack       0x20000458      0x800 load address 0x080026d8
                0x20000458                . = ALIGN (0x8)
 *(.co_stack .co_stack.*)
 .co_stack      0x20000458      0x800 ..\obj\startup_stm32f4xx.o
                0x20000458                pulStack
                0x20010000                __StackTop = (ORIGIN (ram) + 0x10000)
                0x2000f800                __StackLimit = (__StackTop - SIZEOF (.co_stack))
                0x20010000                PROVIDE (__stack, __StackTop)
                0x00000001                ASSERT ((__StackLimit >= __HeapLimit), region ram  overflowed with stack)
LOAD ..\obj\semihosting.o
LOAD ..\obj\startup_stm32f4xx.o
LOAD ..\obj\main.o
LOAD ..\obj\stm32f4xx_rcc.o
LOAD ..\obj\stm32f4xx_gpio.o
LOAD ..\obj\sh_cmd.o
LOAD ..\obj\system_stm32f4xx.o
LOAD ..\obj\syscalls.o
LOAD ..\obj\misc.o
LOAD ..\obj\stm32f4xx_tim.o
LOAD c:/program files (x86)/gnu tools arm embedded/4.9 2014q4/bin/../lib/gcc/arm-none-eabi/4.9.3/../../../../arm-none-eabi/lib/armv7e-m\libstdc++.a
START GROUP
LOAD c:/program files (x86)/gnu tools arm embedded/4.9 2014q4/bin/../lib/gcc/arm-none-eabi/4.9.3/armv7e-m\libgcc.a
LOAD c:/program files (x86)/gnu tools arm embedded/4.9 2014q4/bin/../lib/gcc/arm-none-eabi/4.9.3/../../../../arm-none-eabi/lib/armv7e-m\libg.a
LOAD c:/program files (x86)/gnu tools arm embedded/4.9 2014q4/bin/../lib/gcc/arm-none-eabi/4.9.3/../../../../arm-none-eabi/lib/armv7e-m\libc.a
END GROUP
LOAD c:/program files (x86)/gnu tools arm embedded/4.9 2014q4/bin/../lib/gcc/arm-none-eabi/4.9.3/armv7e-m/crtend.o
LOAD c:/program files (x86)/gnu tools arm embedded/4.9 2014q4/bin/../lib/gcc/arm-none-eabi/4.9.3/armv7e-m/crtn.o
OUTPUT(stm_pwm.elf elf32-littlearm)

.ARM.attributes
                0x00000000       0x2a
 .ARM.attributes
                0x00000000       0x1e c:/program files (x86)/gnu tools arm embedded/4.9 2014q4/bin/../lib/gcc/arm-none-eabi/4.9.3/armv7e-m/crti.o
 .ARM.attributes
                0x0000001e       0x2e c:/program files (x86)/gnu tools arm embedded/4.9 2014q4/bin/../lib/gcc/arm-none-eabi/4.9.3/armv7e-m/crtbegin.o
 .ARM.attributes
                0x0000004c       0x33 ..\obj\startup_stm32f4xx.o
 .ARM.attributes
                0x0000007f       0x33 ..\obj\main.o
 .ARM.attributes
                0x000000b2       0x33 ..\obj\stm32f4xx_rcc.o
 .ARM.attributes
                0x000000e5       0x33 ..\obj\stm32f4xx_gpio.o
 .ARM.attributes
                0x00000118       0x21 ..\obj\sh_cmd.o
 .ARM.attributes
                0x00000139       0x33 ..\obj\system_stm32f4xx.o
 .ARM.attributes
                0x0000016c       0x33 ..\obj\misc.o
 .ARM.attributes
                0x0000019f       0x33 ..\obj\stm32f4xx_tim.o
 .ARM.attributes
                0x000001d2       0x2e c:/program files (x86)/gnu tools arm embedded/4.9 2014q4/bin/../lib/gcc/arm-none-eabi/4.9.3/../../../../arm-none-eabi/lib/armv7e-m\libg.a(lib_a-impure.o)
 .ARM.attributes
                0x00000200       0x2e c:/program files (x86)/gnu tools arm embedded/4.9 2014q4/bin/../lib/gcc/arm-none-eabi/4.9.3/../../../../arm-none-eabi/lib/armv7e-m\libg.a(lib_a-__call_atexit.o)
 .ARM.attributes
                0x0000022e       0x2e c:/program files (x86)/gnu tools arm embedded/4.9 2014q4/bin/../lib/gcc/arm-none-eabi/4.9.3/../../../../arm-none-eabi/lib/armv7e-m\libg.a(lib_a-atexit.o)
 .ARM.attributes
                0x0000025c       0x2e c:/program files (x86)/gnu tools arm embedded/4.9 2014q4/bin/../lib/gcc/arm-none-eabi/4.9.3/../../../../arm-none-eabi/lib/armv7e-m\libg.a(lib_a-fini.o)
 .ARM.attributes
                0x0000028a       0x2e c:/program files (x86)/gnu tools arm embedded/4.9 2014q4/bin/../lib/gcc/arm-none-eabi/4.9.3/../../../../arm-none-eabi/lib/armv7e-m\libg.a(lib_a-__atexit.o)
 .ARM.attributes
                0x000002b8       0x2e c:/program files (x86)/gnu tools arm embedded/4.9 2014q4/bin/../lib/gcc/arm-none-eabi/4.9.3/armv7e-m/crtend.o
 .ARM.attributes
                0x000002e6       0x1e c:/program files (x86)/gnu tools arm embedded/4.9 2014q4/bin/../lib/gcc/arm-none-eabi/4.9.3/armv7e-m/crtn.o

.comment        0x00000000       0x70
 .comment       0x00000000       0x70 ..\obj\startup_stm32f4xx.o
                                 0x71 (size before relaxing)
 .comment       0x00000000       0x71 ..\obj\main.o
 .comment       0x00000000       0x71 ..\obj\stm32f4xx_rcc.o
 .comment       0x00000000       0x71 ..\obj\stm32f4xx_gpio.o
 .comment       0x00000000       0x71 ..\obj\system_stm32f4xx.o
 .comment       0x00000000       0x71 ..\obj\misc.o
 .comment       0x00000000       0x71 ..\obj\stm32f4xx_tim.o

.debug_info     0x00000000     0x44cd
 .debug_info    0x00000000       0xed ..\obj\startup_stm32f4xx.o
 .debug_info    0x000000ed      0x99a ..\obj\main.o
 .debug_info    0x00000a87      0xc4d ..\obj\stm32f4xx_rcc.o
 .debug_info    0x000016d4      0x602 ..\obj\stm32f4xx_gpio.o
 .debug_info    0x00001cd6       0xc7 ..\obj\sh_cmd.o
 .debug_info    0x00001d9d      0x592 ..\obj\system_stm32f4xx.o
 .debug_info    0x0000232f      0x53d ..\obj\misc.o
 .debug_info    0x0000286c     0x1c61 ..\obj\stm32f4xx_tim.o

.debug_abbrev   0x00000000      0x9de
 .debug_abbrev  0x00000000       0xb0 ..\obj\startup_stm32f4xx.o
 .debug_abbrev  0x000000b0      0x192 ..\obj\main.o
 .debug_abbrev  0x00000242      0x1e3 ..\obj\stm32f4xx_rcc.o
 .debug_abbrev  0x00000425      0x1a3 ..\obj\stm32f4xx_gpio.o
 .debug_abbrev  0x000005c8       0x14 ..\obj\sh_cmd.o
 .debug_abbrev  0x000005dc      0x136 ..\obj\system_stm32f4xx.o
 .debug_abbrev  0x00000712      0x145 ..\obj\misc.o
 .debug_abbrev  0x00000857      0x187 ..\obj\stm32f4xx_tim.o

.debug_aranges  0x00000000      0x5f8
 .debug_aranges
                0x00000000       0x28 ..\obj\startup_stm32f4xx.o
 .debug_aranges
                0x00000028       0x48 ..\obj\main.o
 .debug_aranges
                0x00000070      0x178 ..\obj\stm32f4xx_rcc.o
 .debug_aranges
                0x000001e8       0x88 ..\obj\stm32f4xx_gpio.o
 .debug_aranges
                0x00000270       0x20 ..\obj\sh_cmd.o
 .debug_aranges
                0x00000290       0x30 ..\obj\system_stm32f4xx.o
 .debug_aranges
                0x000002c0       0x40 ..\obj\misc.o
 .debug_aranges
                0x00000300      0x2f8 ..\obj\stm32f4xx_tim.o

.debug_ranges   0x00000000      0x568
 .debug_ranges  0x00000000       0x18 ..\obj\startup_stm32f4xx.o
 .debug_ranges  0x00000018       0x38 ..\obj\main.o
 .debug_ranges  0x00000050      0x168 ..\obj\stm32f4xx_rcc.o
 .debug_ranges  0x000001b8       0x78 ..\obj\stm32f4xx_gpio.o
 .debug_ranges  0x00000230       0x20 ..\obj\system_stm32f4xx.o
 .debug_ranges  0x00000250       0x30 ..\obj\misc.o
 .debug_ranges  0x00000280      0x2e8 ..\obj\stm32f4xx_tim.o

.debug_line     0x00000000     0x1d79
 .debug_line    0x00000000       0xb6 ..\obj\startup_stm32f4xx.o
 .debug_line    0x000000b6      0x2f9 ..\obj\main.o
 .debug_line    0x000003af      0x600 ..\obj\stm32f4xx_rcc.o
 .debug_line    0x000009af      0x3a2 ..\obj\stm32f4xx_gpio.o
 .debug_line    0x00000d51       0x96 ..\obj\sh_cmd.o
 .debug_line    0x00000de7      0x225 ..\obj\system_stm32f4xx.o
 .debug_line    0x0000100c      0x2a4 ..\obj\misc.o
 .debug_line    0x000012b0      0xac9 ..\obj\stm32f4xx_tim.o

.debug_str      0x00000000     0x21b1
 .debug_str     0x00000000      0x149 ..\obj\startup_stm32f4xx.o
                                0x15b (size before relaxing)
 .debug_str     0x00000149      0xbb5 ..\obj\main.o
                                0xcf6 (size before relaxing)
 .debug_str     0x00000cfe      0x649 ..\obj\stm32f4xx_rcc.o
                                0x864 (size before relaxing)
 .debug_str     0x00001347      0x1b7 ..\obj\stm32f4xx_gpio.o
                                0x4b7 (size before relaxing)
 .debug_str     0x000014fe      0x12c ..\obj\system_stm32f4xx.o
                                0x3be (size before relaxing)
 .debug_str     0x0000162a      0x175 ..\obj\misc.o
                                0x3e2 (size before relaxing)
 .debug_str     0x0000179f      0xa12 ..\obj\stm32f4xx_tim.o
                                0xde4 (size before relaxing)

.debug_frame    0x00000000     0x1ab4
 .debug_frame   0x00000000       0x4c ..\obj\startup_stm32f4xx.o
 .debug_frame   0x0000004c       0xd8 ..\obj\main.o
 .debug_frame   0x00000124      0x6d4 ..\obj\stm32f4xx_rcc.o
 .debug_frame   0x000007f8      0x23c ..\obj\stm32f4xx_gpio.o
 .debug_frame   0x00000a34       0x7c ..\obj\system_stm32f4xx.o
 .debug_frame   0x00000ab0       0xd8 ..\obj\misc.o
 .debug_frame   0x00000b88      0xe54 ..\obj\stm32f4xx_tim.o
 .debug_frame   0x000019dc       0x50 c:/program files (x86)/gnu tools arm embedded/4.9 2014q4/bin/../lib/gcc/arm-none-eabi/4.9.3/../../../../arm-none-eabi/lib/armv7e-m\libg.a(lib_a-__call_atexit.o)
 .debug_frame   0x00001a2c       0x20 c:/program files (x86)/gnu tools arm embedded/4.9 2014q4/bin/../lib/gcc/arm-none-eabi/4.9.3/../../../../arm-none-eabi/lib/armv7e-m\libg.a(lib_a-atexit.o)
 .debug_frame   0x00001a4c       0x34 c:/program files (x86)/gnu tools arm embedded/4.9 2014q4/bin/../lib/gcc/arm-none-eabi/4.9.3/../../../../arm-none-eabi/lib/armv7e-m\libg.a(lib_a-fini.o)
 .debug_frame   0x00001a80       0x34 c:/program files (x86)/gnu tools arm embedded/4.9 2014q4/bin/../lib/gcc/arm-none-eabi/4.9.3/../../../../arm-none-eabi/lib/armv7e-m\libg.a(lib_a-__atexit.o)
